A51 MACRO ASSEMBLER  Q4W2                                                                 02/21/2023 11:30:54 PAGE     1


MACRO ASSEMBLER A51 V8.02
OBJECT MODULE PLACED IN Q4W2.OBJ
ASSEMBLER INVOKED BY: C:\Keil\C51\BIN\A51.EXE Q4W2.ASM SET(SMALL) DEBUG EP

LOC  OBJ            LINE     SOURCE

0000                   1     ORG 0000H
0000 7A0D              2             MOV R2,#0DH
0002 7840              3             MOV R0,#40H
0004 7945              4             MOV R1,#45H
0006 E6                5             BACK: MOV A,@R0
0007 F7                6             MOV @R1,A
0008 08                7             INC R0
0009 09                8             INC R1
000A DAFA              9             DJNZ R2 , BACK
                      10             END
A51 MACRO ASSEMBLER  Q4W2                                                                 02/21/2023 11:30:54 PAGE     2

SYMBOL TABLE LISTING
------ ----- -------


N A M E             T Y P E  V A L U E   ATTRIBUTES

BACK . . . . . . .  C ADDR   0006H   A   


REGISTER BANK(S) USED: 0 


ASSEMBLY COMPLETE.  0 WARNING(S), 0 ERROR(S)
