A51 MACRO ASSEMBLER  W5Q1                                                                 03/27/2023 15:59:37 PAGE     1


MACRO ASSEMBLER A51 V8.02
OBJECT MODULE PLACED IN w5q1.OBJ
ASSEMBLER INVOKED BY: C:\Keil\C51\BIN\A51.EXE w5q1.a51 SET(SMALL) DEBUG EP

LOC  OBJ            LINE     SOURCE

0000                   1     ORG 0000H
0000 020100            2             LJMP MAIN 
001B                   3             ORG 001BH
001B 02011A            4                     LJMP COUNTDOWN
0100                   5                     ORG 100H
0100 758922            6                             MAIN: MOV TMOD, #22H
0103 758D48            7                             MOV TH1, #48H
0106 758CD2            8                             MOV TH0, #0D2H
0109 75A888            9                             MOV IE, #88H
010C D28E             10                             SETB TR1
010E 7A01             11                             RESTART: MOV R2, #01H
0110 8A80             12                             CONTINUE: MOV P0, R2
0112 0A               13                             INC R2
0113 312E             14                             ACALL DELAY_50
0115 BA31F8           15                             CJNE R2, #31H, CONTINUE 
0118 80F4             16                             SJMP RESTART
011A C28E             17                             COUNTDOWN: CLR TR1
011C C002             18                             PUSH 02H
011E EA               19                             MOV A, R2
011F F590             20                             CD: MOV P1, A
0121 2499             21                             ADD A, #99H
0123 D4               22                             DA A
0124 3138             23                             ACALL DELAY1
0126 B400F6           24                             CJNE A, #00H, CD
0129 D0E0             25                             POP 0E0H
012B D28E             26                             SETB TR1
012D 32               27                             RETI
012E D28C             28                             DELAY_50: SETB TR0
0130 308DFD           29                             WAIT: JNB TF0, WAIT
0133 C28C             30                             CLR TR0 
0135 C28D             31                             CLR TF0
0137 22               32                             RET
0138 7B14             33                             DELAY1: MOV R3, #20
013A 7C19             34                             L3: MOV R4, #25
013C 7DFF             35                             L2: MOV R5, #0FFH
013E DDFE             36                             L1: DJNZ R5, L1
0140 DCFA             37                             DJNZ R4, L2
0142 DBF6             38                             DJNZ R3, L3
0144 22               39                             RET
                      40                             END
                                                     
A51 MACRO ASSEMBLER  W5Q1                                                                 03/27/2023 15:59:37 PAGE     2

SYMBOL TABLE LISTING
------ ----- -------


N A M E             T Y P E  V A L U E   ATTRIBUTES

CD . . . . . . . .  C ADDR   011FH   A   
CONTINUE . . . . .  C ADDR   0110H   A   
COUNTDOWN. . . . .  C ADDR   011AH   A   
DELAY1 . . . . . .  C ADDR   0138H   A   
DELAY_50 . . . . .  C ADDR   012EH   A   
IE . . . . . . . .  D ADDR   00A8H   A   
L1 . . . . . . . .  C ADDR   013EH   A   
L2 . . . . . . . .  C ADDR   013CH   A   
L3 . . . . . . . .  C ADDR   013AH   A   
MAIN . . . . . . .  C ADDR   0100H   A   
P0 . . . . . . . .  D ADDR   0080H   A   
P1 . . . . . . . .  D ADDR   0090H   A   
RESTART. . . . . .  C ADDR   010EH   A   
TF0. . . . . . . .  B ADDR   0088H.5 A   
TH0. . . . . . . .  D ADDR   008CH   A   
TH1. . . . . . . .  D ADDR   008DH   A   
TMOD . . . . . . .  D ADDR   0089H   A   
TR0. . . . . . . .  B ADDR   0088H.4 A   
TR1. . . . . . . .  B ADDR   0088H.6 A   
WAIT . . . . . . .  C ADDR   0130H   A   


REGISTER BANK(S) USED: 0 


ASSEMBLY COMPLETE.  0 WARNING(S), 0 ERROR(S)
