A51 MACRO ASSEMBLER  W6Q2                                                                 04/03/2023 14:30:54 PAGE     1


MACRO ASSEMBLER A51 V8.02
OBJECT MODULE PLACED IN w6q2.OBJ
ASSEMBLER INVOKED BY: C:\Keil\C51\BIN\A51.EXE w6q2.a51 SET(SMALL) DEBUG EP

LOC  OBJ            LINE     SOURCE

0000                   1     org 000h
0000 7A0E              2             start : mov r2,#0eh
0002 900300            3     mov dptr , #sinetable
0005 E4                4     repeat:clr a
0006 93                5     movc a,@a+dptr
0007 F590              6     mov p1,a
0009 A3                7     inc dptr
000A DAF9              8     djnz r2,repeat
000C 80F2              9     sjmp start
                      10     
0300                  11     ORG 0300H 
0300 80BF0BFF         12             SINETABLE : DB 80H,0BFH,0BH,0FFH,0BFH,80H,40H,11H,0DDH,11H,40H,80H
0304 BF804011                
0308 DD114080                
                      13     END
A51 MACRO ASSEMBLER  W6Q2                                                                 04/03/2023 14:30:54 PAGE     2

SYMBOL TABLE LISTING
------ ----- -------


N A M E             T Y P E  V A L U E   ATTRIBUTES

P1 . . . . . . . .  D ADDR   0090H   A   
REPEAT . . . . . .  C ADDR   0005H   A   
SINETABLE. . . . .  C ADDR   0300H   A   
START. . . . . . .  C ADDR   0000H   A   


REGISTER BANK(S) USED: 0 


ASSEMBLY COMPLETE.  0 WARNING(S), 0 ERROR(S)
