A51 MACRO ASSEMBLER  W6Q4                                                                 04/03/2023 16:50:41 PAGE     1


MACRO ASSEMBLER A51 V8.02
OBJECT MODULE PLACED IN W6Q4.OBJ
ASSEMBLER INVOKED BY: C:\Keil\C51\BIN\A51.EXE W6Q4.A51 SET(SMALL) DEBUG EP

LOC  OBJ            LINE     SOURCE

0000                   1     ORG 0000H
0000 7438              2                     MOV A, #38H
0002 1134              3                     ACALL CMD
0004 740E              4                     MOV A, #0EH
0006 1134              5                     ACALL CMD
0008 7401              6                     MOV A, #01H
000A 1134              7                     ACALL CMD
000C 7406              8                     MOV A, #06H
000E 1134              9                     ACALL CMD
0010 7481             10                     MOV A, #81H
0012 901000           11                     MOV DPTR, #TABLE1
0015 E4               12     AGAIN: CLR A
0016 93               13             MOVC A, @A+DPTR
0017 6007             14                     JZ SKIP
0019 F5A0             15                     MOV P2,A
001B 1142             16                     ACALL DATA1
001D A3               17                     INC DPTR
001E 80F5             18                     SJMP AGAIN
0020 74C4             19     SKIP:   MOV A, #0C4H
0022 1134             20             ACALL CMD
0024 901010           21                     MOV DPTR, #TABLE2
0027 E4               22     REPEAT2:CLR A
0028 93               23             MOVC A, @A+DPTR
0029 6007             24                     JZ SKIP1
002B F5A0             25                     MOV P2,A
002D 1142             26                     ACALL DATA1
002F A3               27                     INC DPTR
0030 80F5             28                     SJMP REPEAT2
0032 80FE             29                     SKIP1:SJMP SKIP1
                      30                     
0034 1150             31     CMD:    ACALL BUSY
0036 C2B7             32             CLR P3.7
0038 C2B6             33                     CLR P3.6
003A F5A0             34                     MOV P2, A
003C D2B5             35                     SETB P3.5
003E 00               36                     NOP
003F C2B5             37                     CLR P3.5
0041 22               38                     RET
0042 1150             39     DATA1:   ACALL BUSY
0044 D2B7             40             SETB P3.7
0046 C2B6             41                     CLR P3.6
0048 F5A0             42                     MOV P2, A
004A D2B5             43                     SETB P3.5
004C 00               44                     NOP
004D C2B5             45                     CLR P3.5
004F 22               46                     RET
0050 D2A7             47     BUSY:   SETB P2.7
0052 C2B7             48                     CLR P3.7
0054 D2B6             49                     SETB P3.6
0056 C2B5             50     WAIT:   CLR P3.5
0058 00               51                 NOP
0059 D2B5             52                     SETB P3.5
005B 20A7F8           53                     JB P2.7, WAIT
005E 22               54                     RET
                      55             
1000                  56     ORG 1000H
1000 4D494352         57     TABLE1:DB"MICROCONTROLLER",0
1004 4F434F4E                
A51 MACRO ASSEMBLER  W6Q4                                                                 04/03/2023 16:50:41 PAGE     2

1008 54524F4C                
100C 4C455200                
1010 38303531         58     TABLE2:DB"8051",0
1014 00                      
                      59             END
A51 MACRO ASSEMBLER  W6Q4                                                                 04/03/2023 16:50:41 PAGE     3

SYMBOL TABLE LISTING
------ ----- -------


N A M E             T Y P E  V A L U E   ATTRIBUTES

AGAIN. . . . . . .  C ADDR   0015H   A   
BUSY . . . . . . .  C ADDR   0050H   A   
CMD. . . . . . . .  C ADDR   0034H   A   
DATA1. . . . . . .  C ADDR   0042H   A   
P2 . . . . . . . .  D ADDR   00A0H   A   
P3 . . . . . . . .  D ADDR   00B0H   A   
REPEAT2. . . . . .  C ADDR   0027H   A   
SKIP . . . . . . .  C ADDR   0020H   A   
SKIP1. . . . . . .  C ADDR   0032H   A   
TABLE1 . . . . . .  C ADDR   1000H   A   
TABLE2 . . . . . .  C ADDR   1010H   A   
WAIT . . . . . . .  C ADDR   0056H   A   


REGISTER BANK(S) USED: 0 


ASSEMBLY COMPLETE.  0 WARNING(S), 0 ERROR(S)
